[ablation] full_ontology, seed 41: starting 364 profiles
[ablation] full_ontology, seed 41: 10/364; elapsed 31s
[ablation] full_ontology, seed 41: 20/364; elapsed 72s
[ablation] full_ontology, seed 41: 30/364; elapsed 100s
[ablation] full_ontology, seed 41: 40/364; elapsed 131s
[ablation] full_ontology, seed 41: 50/364; elapsed 173s
[ablation] full_ontology, seed 41: 60/364; elapsed 201s
[ablation] full_ontology, seed 41: 70/364; elapsed 215s
[ablation] full_ontology, seed 41: 80/364; elapsed 236s
[ablation] full_ontology, seed 41: 90/364; elapsed 268s
[ablation] full_ontology, seed 41: 100/364; elapsed 302s
[ablation] full_ontology, seed 41: 110/364; elapsed 333s
[ablation] full_ontology, seed 41: 120/364; elapsed 374s
[ablation] full_ontology, seed 41: 130/364; elapsed 403s
[ablation] full_ontology, seed 41: 140/364; elapsed 439s
[ablation] full_ontology, seed 41: 150/364; elapsed 457s
[ablation] full_ontology, seed 41: 160/364; elapsed 496s
[ablation] full_ontology, seed 41: 170/364; elapsed 533s
[ablation] full_ontology, seed 41: 180/364; elapsed 560s
[ablation] full_ontology, seed 41: 190/364; elapsed 580s
[ablation] full_ontology, seed 41: 200/364; elapsed 607s
[ablation] full_ontology, seed 41: 210/364; elapsed 633s
[ablation] full_ontology, seed 41: 220/364; elapsed 661s
[ablation] full_ontology, seed 41: 230/364; elapsed 716s
[ablation] full_ontology, seed 41: 240/364; elapsed 778s
[ablation] full_ontology, seed 41: 250/364; elapsed 811s
[ablation] full_ontology, seed 41: 260/364; elapsed 839s
[ablation] full_ontology, seed 41: 270/364; elapsed 866s
[ablation] full_ontology, seed 41: 280/364; elapsed 893s
[ablation] full_ontology, seed 41: 290/364; elapsed 922s
[ablation] full_ontology, seed 41: 300/364; elapsed 973s
[ablation] full_ontology, seed 41: 310/364; elapsed 1033s
[ablation] full_ontology, seed 41: 320/364; elapsed 1084s
[ablation] full_ontology, seed 41: 330/364; elapsed 1142s
[ablation] full_ontology, seed 41: 340/364; elapsed 1195s
[ablation] full_ontology, seed 41: 350/364; elapsed 1240s
[ablation] full_ontology, seed 41: 360/364; elapsed 1283s
[ablation] full_ontology, seed 41: 364/364; elapsed 1296s
[ablation] full_ontology, seed 42: starting 364 profiles
[ablation] full_ontology, seed 42: 10/364; elapsed 80s
[ablation] full_ontology, seed 42: 20/364; elapsed 145s
[ablation] full_ontology, seed 42: 30/364; elapsed 166s
[ablation] full_ontology, seed 42: 40/364; elapsed 184s
[ablation] full_ontology, seed 42: 50/364; elapsed 215s
[ablation] full_ontology, seed 42: 60/364; elapsed 239s
[ablation] full_ontology, seed 42: 70/364; elapsed 250s
[ablation] full_ontology, seed 42: 80/364; elapsed 265s
[ablation] full_ontology, seed 42: 90/364; elapsed 3042s
[ablation] full_ontology, seed 42: 100/364; elapsed 3100s
[ablation] full_ontology, seed 42: 110/364; elapsed 3140s
[ablation] full_ontology, seed 42: 120/364; elapsed 3184s
[ablation] full_ontology, seed 42: 130/364; elapsed 29193s
[ablation] full_ontology, seed 42: 140/364; elapsed 29242s
[ablation] full_ontology, seed 42: 150/364; elapsed 29256s
[ablation] full_ontology, seed 42: 160/364; elapsed 29280s
[ablation] full_ontology, seed 42: 170/364; elapsed 29300s
[ablation] full_ontology, seed 42: 180/364; elapsed 29314s
[ablation] full_ontology, seed 42: 190/364; elapsed 29329s
[ablation] full_ontology, seed 42: 200/364; elapsed 29349s
[ablation] full_ontology, seed 42: 210/364; elapsed 29372s
[ablation] full_ontology, seed 42: 220/364; elapsed 29393s
[ablation] full_ontology, seed 42: 230/364; elapsed 29414s
[ablation] full_ontology, seed 42: 240/364; elapsed 29443s
[ablation] full_ontology, seed 42: 250/364; elapsed 29464s
[ablation] full_ontology, seed 42: 260/364; elapsed 29490s
[ablation] full_ontology, seed 42: 270/364; elapsed 29510s
[ablation] full_ontology, seed 42: 280/364; elapsed 29531s
[ablation] full_ontology, seed 42: 290/364; elapsed 29554s
[ablation] full_ontology, seed 42: 300/364; elapsed 29572s
[ablation] full_ontology, seed 42: 310/364; elapsed 29596s
[ablation] full_ontology, seed 42: 320/364; elapsed 29615s
[ablation] full_ontology, seed 42: 330/364; elapsed 29641s
[ablation] full_ontology, seed 42: 340/364; elapsed 29661s
[ablation] full_ontology, seed 42: 350/364; elapsed 29679s
[ablation] full_ontology, seed 42: 360/364; elapsed 29695s
[ablation] full_ontology, seed 42: 364/364; elapsed 29702s
[ablation] full_ontology, seed 43: starting 364 profiles
[ablation] full_ontology, seed 43: 10/364; elapsed 22s
[ablation] full_ontology, seed 43: 20/364; elapsed 47s
[ablation] full_ontology, seed 43: 30/364; elapsed 65s
[ablation] full_ontology, seed 43: 40/364; elapsed 84s
[ablation] full_ontology, seed 43: 50/364; elapsed 115s
[ablation] full_ontology, seed 43: 60/364; elapsed 132s
[ablation] full_ontology, seed 43: 70/364; elapsed 142s
[ablation] full_ontology, seed 43: 80/364; elapsed 154s
[ablation] full_ontology, seed 43: 90/364; elapsed 176s
[ablation] full_ontology, seed 43: 100/364; elapsed 199s
[ablation] full_ontology, seed 43: 110/364; elapsed 216s
[ablation] full_ontology, seed 43: 120/364; elapsed 232s
[ablation] full_ontology, seed 43: 130/364; elapsed 252s
[ablation] full_ontology, seed 43: 140/364; elapsed 281s
[ablation] full_ontology, seed 43: 150/364; elapsed 292s
[ablation] full_ontology, seed 43: 160/364; elapsed 313s
[ablation] full_ontology, seed 43: 170/364; elapsed 331s
[ablation] full_ontology, seed 43: 180/364; elapsed 343s
[ablation] full_ontology, seed 43: 190/364; elapsed 357s
[ablation] full_ontology, seed 43: 200/364; elapsed 378s
[ablation] full_ontology, seed 43: 210/364; elapsed 401s
[ablation] full_ontology, seed 43: 220/364; elapsed 423s
[ablation] full_ontology, seed 43: 230/364; elapsed 445s
[ablation] full_ontology, seed 43: 240/364; elapsed 474s
[ablation] full_ontology, seed 43: 250/364; elapsed 494s
[ablation] full_ontology, seed 43: 260/364; elapsed 517s
[ablation] full_ontology, seed 43: 270/364; elapsed 535s
[ablation] full_ontology, seed 43: 280/364; elapsed 558s
[ablation] full_ontology, seed 43: 290/364; elapsed 580s
[ablation] full_ontology, seed 43: 300/364; elapsed 600s
[ablation] full_ontology, seed 43: 310/364; elapsed 624s
[ablation] full_ontology, seed 43: 320/364; elapsed 643s
[ablation] full_ontology, seed 43: 330/364; elapsed 667s
[ablation] full_ontology, seed 43: 340/364; elapsed 686s
[ablation] full_ontology, seed 43: 350/364; elapsed 704s
[ablation] full_ontology, seed 43: 360/364; elapsed 719s
[ablation] full_ontology, seed 43: 364/364; elapsed 724s
[ablation] full_ontology, seed 44: starting 364 profiles
[ablation] full_ontology, seed 44: 10/364; elapsed 21s
[ablation] full_ontology, seed 44: 20/364; elapsed 49s
[ablation] full_ontology, seed 44: 30/364; elapsed 66s
[ablation] full_ontology, seed 44: 40/364; elapsed 85s
[ablation] full_ontology, seed 44: 50/364; elapsed 115s
[ablation] full_ontology, seed 44: 60/364; elapsed 132s
[ablation] full_ontology, seed 44: 70/364; elapsed 141s
[ablation] full_ontology, seed 44: 80/364; elapsed 154s
[ablation] full_ontology, seed 44: 90/364; elapsed 176s
[ablation] full_ontology, seed 44: 100/364; elapsed 199s
[ablation] full_ontology, seed 44: 110/364; elapsed 219s
[ablation] full_ontology, seed 44: 120/364; elapsed 237s
[ablation] full_ontology, seed 44: 130/364; elapsed 256s
[ablation] full_ontology, seed 44: 140/364; elapsed 285s
[ablation] full_ontology, seed 44: 150/364; elapsed 296s
[ablation] full_ontology, seed 44: 160/364; elapsed 317s
[ablation] full_ontology, seed 44: 170/364; elapsed 334s
[ablation] full_ontology, seed 44: 180/364; elapsed 346s
[ablation] full_ontology, seed 44: 190/364; elapsed 361s
[ablation] full_ontology, seed 44: 200/364; elapsed 383s
[ablation] full_ontology, seed 44: 210/364; elapsed 405s
[ablation] full_ontology, seed 44: 220/364; elapsed 426s
[ablation] full_ontology, seed 44: 230/364; elapsed 447s
[ablation] full_ontology, seed 44: 240/364; elapsed 475s
[ablation] full_ontology, seed 44: 250/364; elapsed 495s
[ablation] full_ontology, seed 44: 260/364; elapsed 518s
[ablation] full_ontology, seed 44: 270/364; elapsed 538s
[ablation] full_ontology, seed 44: 280/364; elapsed 560s
[ablation] full_ontology, seed 44: 290/364; elapsed 582s
[ablation] full_ontology, seed 44: 300/364; elapsed 601s
[ablation] full_ontology, seed 44: 310/364; elapsed 625s
[ablation] full_ontology, seed 44: 320/364; elapsed 644s
[ablation] full_ontology, seed 44: 330/364; elapsed 668s
[ablation] full_ontology, seed 44: 340/364; elapsed 687s
[ablation] full_ontology, seed 44: 350/364; elapsed 707s
[ablation] full_ontology, seed 44: 360/364; elapsed 723s
[ablation] full_ontology, seed 44: 364/364; elapsed 728s
[ablation] full_ontology, seed 45: starting 364 profiles
[ablation] full_ontology, seed 45: 10/364; elapsed 20s
[ablation] full_ontology, seed 45: 20/364; elapsed 52s
[ablation] full_ontology, seed 45: 30/364; elapsed 72s
[ablation] full_ontology, seed 45: 40/364; elapsed 93s
[ablation] full_ontology, seed 45: 50/364; elapsed 125s
[ablation] full_ontology, seed 45: 60/364; elapsed 148s
[ablation] full_ontology, seed 45: 70/364; elapsed 158s
[ablation] full_ontology, seed 45: 80/364; elapsed 173s
[ablation] full_ontology, seed 45: 90/364; elapsed 197s
[ablation] full_ontology, seed 45: 100/364; elapsed 221s
[ablation] full_ontology, seed 45: 110/364; elapsed 240s
[ablation] full_ontology, seed 45: 120/364; elapsed 263s
[ablation] full_ontology, seed 45: 130/364; elapsed 282s
[ablation] full_ontology, seed 45: 140/364; elapsed 313s
[ablation] full_ontology, seed 45: 150/364; elapsed 325s
[ablation] full_ontology, seed 45: 160/364; elapsed 347s
[ablation] full_ontology, seed 45: 170/364; elapsed 370s
[ablation] full_ontology, seed 45: 180/364; elapsed 385s
[ablation] full_ontology, seed 45: 190/364; elapsed 404s
[ablation] full_ontology, seed 45: 200/364; elapsed 426s
[ablation] full_ontology, seed 45: 210/364; elapsed 449s
[ablation] full_ontology, seed 45: 220/364; elapsed 472s
[ablation] full_ontology, seed 45: 230/364; elapsed 495s
[ablation] full_ontology, seed 45: 240/364; elapsed 523s
[ablation] full_ontology, seed 45: 250/364; elapsed 547s
[ablation] full_ontology, seed 45: 260/364; elapsed 573s
[ablation] full_ontology, seed 45: 270/364; elapsed 597s
[ablation] full_ontology, seed 45: 280/364; elapsed 621s
[ablation] full_ontology, seed 45: 290/364; elapsed 648s
[ablation] full_ontology, seed 45: 300/364; elapsed 668s
[ablation] full_ontology, seed 45: 310/364; elapsed 693s
[ablation] full_ontology, seed 45: 320/364; elapsed 714s
[ablation] full_ontology, seed 45: 330/364; elapsed 741s
[ablation] full_ontology, seed 45: 340/364; elapsed 761s
[ablation] full_ontology, seed 45: 350/364; elapsed 782s
[ablation] full_ontology, seed 45: 360/364; elapsed 803s
[ablation] full_ontology, seed 45: 364/364; elapsed 810s
[ablation] full_ontology, seed 46: starting 364 profiles
[ablation] full_ontology, seed 46: 10/364; elapsed 13s
[ablation] full_ontology, seed 46: 20/364; elapsed 39s
[ablation] full_ontology, seed 46: 30/364; elapsed 54s
[ablation] full_ontology, seed 46: 40/364; elapsed 67s
[ablation] full_ontology, seed 46: 50/364; elapsed 92s
[ablation] full_ontology, seed 46: 60/364; elapsed 111s
[ablation] full_ontology, seed 46: 70/364; elapsed 117s
[ablation] full_ontology, seed 46: 80/364; elapsed 130s
[ablation] full_ontology, seed 46: 90/364; elapsed 146s
[ablation] full_ontology, seed 46: 100/364; elapsed 163s
[ablation] full_ontology, seed 46: 110/364; elapsed 175s
[ablation] full_ontology, seed 46: 120/364; elapsed 193s
[ablation] full_ontology, seed 46: 130/364; elapsed 208s
[ablation] full_ontology, seed 46: 140/364; elapsed 234s
[ablation] full_ontology, seed 46: 150/364; elapsed 241s
[ablation] full_ontology, seed 46: 160/364; elapsed 258s
[ablation] full_ontology, seed 46: 170/364; elapsed 274s
[ablation] full_ontology, seed 46: 180/364; elapsed 285s
[ablation] full_ontology, seed 46: 190/364; elapsed 299s
[ablation] full_ontology, seed 46: 200/364; elapsed 316s
[ablation] full_ontology, seed 46: 210/364; elapsed 333s
[ablation] full_ontology, seed 46: 220/364; elapsed 348s
[ablation] full_ontology, seed 46: 230/364; elapsed 365s
[ablation] full_ontology, seed 46: 240/364; elapsed 387s
[ablation] full_ontology, seed 46: 250/364; elapsed 403s
[ablation] full_ontology, seed 46: 260/364; elapsed 425s
[ablation] full_ontology, seed 46: 270/364; elapsed 444s
[ablation] full_ontology, seed 46: 280/364; elapsed 462s
[ablation] full_ontology, seed 46: 290/364; elapsed 482s
[ablation] full_ontology, seed 46: 300/364; elapsed 498s
[ablation] full_ontology, seed 46: 310/364; elapsed 517s
[ablation] full_ontology, seed 46: 320/364; elapsed 531s
[ablation] full_ontology, seed 46: 330/364; elapsed 549s
[ablation] full_ontology, seed 46: 340/364; elapsed 559s
[ablation] full_ontology, seed 46: 350/364; elapsed 574s
[ablation] full_ontology, seed 46: 360/364; elapsed 587s
[ablation] full_ontology, seed 46: 364/364; elapsed 593s
[ablation] full_ontology, seed 47: starting 364 profiles
[ablation] full_ontology, seed 47: 10/364; elapsed 21s
[ablation] full_ontology, seed 47: 20/364; elapsed 51s
[ablation] full_ontology, seed 47: 30/364; elapsed 72s
[ablation] full_ontology, seed 47: 40/364; elapsed 93s
[ablation] full_ontology, seed 47: 50/364; elapsed 125s
[ablation] full_ontology, seed 47: 60/364; elapsed 146s
[ablation] full_ontology, seed 47: 70/364; elapsed 156s
[ablation] full_ontology, seed 47: 80/364; elapsed 170s
[ablation] full_ontology, seed 47: 90/364; elapsed 194s
[ablation] full_ontology, seed 47: 100/364; elapsed 220s
[ablation] full_ontology, seed 47: 110/364; elapsed 242s
[ablation] full_ontology, seed 47: 120/364; elapsed 265s
[ablation] full_ontology, seed 47: 130/364; elapsed 287s
[ablation] full_ontology, seed 47: 140/364; elapsed 317s
[ablation] full_ontology, seed 47: 150/364; elapsed 328s
[ablation] full_ontology, seed 47: 160/364; elapsed 351s
[ablation] full_ontology, seed 47: 170/364; elapsed 369s
[ablation] full_ontology, seed 47: 180/364; elapsed 381s
[ablation] full_ontology, seed 47: 190/364; elapsed 397s
[ablation] full_ontology, seed 47: 200/364; elapsed 419s
[ablation] full_ontology, seed 47: 210/364; elapsed 442s
[ablation] full_ontology, seed 47: 220/364; elapsed 463s
[ablation] full_ontology, seed 47: 230/364; elapsed 485s
[ablation] full_ontology, seed 47: 240/364; elapsed 513s
[ablation] full_ontology, seed 47: 250/364; elapsed 534s
[ablation] full_ontology, seed 47: 260/364; elapsed 557s
[ablation] full_ontology, seed 47: 270/364; elapsed 579s
[ablation] full_ontology, seed 47: 280/364; elapsed 600s
[ablation] full_ontology, seed 47: 290/364; elapsed 624s
[ablation] full_ontology, seed 47: 300/364; elapsed 642s
[ablation] full_ontology, seed 47: 310/364; elapsed 667s
[ablation] full_ontology, seed 47: 320/364; elapsed 685s
[ablation] full_ontology, seed 47: 330/364; elapsed 711s
[ablation] full_ontology, seed 47: 340/364; elapsed 732s
[ablation] full_ontology, seed 47: 350/364; elapsed 750s
[ablation] full_ontology, seed 47: 360/364; elapsed 767s
[ablation] full_ontology, seed 47: 364/364; elapsed 773s
[ablation] full_ontology, seed 48: starting 364 profiles
[ablation] full_ontology, seed 48: 10/364; elapsed 30s
[ablation] full_ontology, seed 48: 20/364; elapsed 67s
[ablation] full_ontology, seed 48: 30/364; elapsed 92s
[ablation] full_ontology, seed 48: 40/364; elapsed 120s
[ablation] full_ontology, seed 48: 50/364; elapsed 159s
[ablation] full_ontology, seed 48: 60/364; elapsed 184s
[ablation] full_ontology, seed 48: 70/364; elapsed 197s
[ablation] full_ontology, seed 48: 80/364; elapsed 215s
[ablation] full_ontology, seed 48: 90/364; elapsed 245s
[ablation] full_ontology, seed 48: 100/364; elapsed 276s
[ablation] full_ontology, seed 48: 110/364; elapsed 303s
[ablation] full_ontology, seed 48: 120/364; elapsed 331s
[ablation] full_ontology, seed 48: 130/364; elapsed 357s
[ablation] full_ontology, seed 48: 140/364; elapsed 392s
[ablation] full_ontology, seed 48: 150/364; elapsed 407s
[ablation] full_ontology, seed 48: 160/364; elapsed 438s
[ablation] full_ontology, seed 48: 170/364; elapsed 463s
[ablation] full_ontology, seed 48: 180/364; elapsed 481s
[ablation] full_ontology, seed 48: 190/364; elapsed 502s
[ablation] full_ontology, seed 48: 200/364; elapsed 527s
[ablation] full_ontology, seed 48: 210/364; elapsed 554s
[ablation] full_ontology, seed 48: 220/364; elapsed 580s
[ablation] full_ontology, seed 48: 230/364; elapsed 607s
[ablation] full_ontology, seed 48: 240/364; elapsed 641s
[ablation] full_ontology, seed 48: 250/364; elapsed 668s
[ablation] full_ontology, seed 48: 260/364; elapsed 696s
[ablation] full_ontology, seed 48: 270/364; elapsed 721s
[ablation] full_ontology, seed 48: 280/364; elapsed 747s
[ablation] full_ontology, seed 48: 290/364; elapsed 775s
[ablation] full_ontology, seed 48: 300/364; elapsed 800s
[ablation] full_ontology, seed 48: 310/364; elapsed 829s
[ablation] full_ontology, seed 48: 320/364; elapsed 854s
[ablation] full_ontology, seed 48: 330/364; elapsed 884s
[ablation] full_ontology, seed 48: 340/364; elapsed 913s
[ablation] full_ontology, seed 48: 350/364; elapsed 938s
[ablation] full_ontology, seed 48: 360/364; elapsed 959s
[ablation] full_ontology, seed 48: 364/364; elapsed 967s
[ablation] full_ontology, seed 49: starting 364 profiles
[ablation] full_ontology, seed 49: 10/364; elapsed 21s
[ablation] full_ontology, seed 49: 20/364; elapsed 52s
[ablation] full_ontology, seed 49: 30/364; elapsed 72s
[ablation] full_ontology, seed 49: 40/364; elapsed 94s
[ablation] full_ontology, seed 49: 50/364; elapsed 125s
[ablation] full_ontology, seed 49: 60/364; elapsed 144s
[ablation] full_ontology, seed 49: 70/364; elapsed 155s
[ablation] full_ontology, seed 49: 80/364; elapsed 171s
[ablation] full_ontology, seed 49: 90/364; elapsed 195s
[ablation] full_ontology, seed 49: 100/364; elapsed 218s
[ablation] full_ontology, seed 49: 110/364; elapsed 236s
[ablation] full_ontology, seed 49: 120/364; elapsed 257s
[ablation] full_ontology, seed 49: 130/364; elapsed 276s
[ablation] full_ontology, seed 49: 140/364; elapsed 304s
[ablation] full_ontology, seed 49: 150/364; elapsed 316s
[ablation] full_ontology, seed 49: 160/364; elapsed 338s
[ablation] full_ontology, seed 49: 170/364; elapsed 360s
[ablation] full_ontology, seed 49: 180/364; elapsed 375s
[ablation] full_ontology, seed 49: 190/364; elapsed 391s
[ablation] full_ontology, seed 49: 200/364; elapsed 413s
[ablation] full_ontology, seed 49: 210/364; elapsed 436s
[ablation] full_ontology, seed 49: 220/364; elapsed 457s
[ablation] full_ontology, seed 49: 230/364; elapsed 481s
[ablation] full_ontology, seed 49: 240/364; elapsed 511s
[ablation] full_ontology, seed 49: 250/364; elapsed 536s
[ablation] full_ontology, seed 49: 260/364; elapsed 561s
[ablation] full_ontology, seed 49: 270/364; elapsed 585s
[ablation] full_ontology, seed 49: 280/364; elapsed 609s
[ablation] full_ontology, seed 49: 290/364; elapsed 634s
[ablation] full_ontology, seed 49: 300/364; elapsed 652s
[ablation] full_ontology, seed 49: 310/364; elapsed 679s
[ablation] full_ontology, seed 49: 320/364; elapsed 700s
[ablation] full_ontology, seed 49: 330/364; elapsed 725s
[ablation] full_ontology, seed 49: 340/364; elapsed 745s
[ablation] full_ontology, seed 49: 350/364; elapsed 764s
[ablation] full_ontology, seed 49: 360/364; elapsed 783s
[ablation] full_ontology, seed 49: 364/364; elapsed 790s
[ablation] full_ontology, seed 50: starting 364 profiles
[ablation] full_ontology, seed 50: 10/364; elapsed 21s
[ablation] full_ontology, seed 50: 20/364; elapsed 54s
[ablation] full_ontology, seed 50: 30/364; elapsed 73s
[ablation] full_ontology, seed 50: 40/364; elapsed 94s
[ablation] full_ontology, seed 50: 50/364; elapsed 127s
[ablation] full_ontology, seed 50: 60/364; elapsed 148s
[ablation] full_ontology, seed 50: 70/364; elapsed 158s
[ablation] full_ontology, seed 50: 80/364; elapsed 171s
[ablation] full_ontology, seed 50: 90/364; elapsed 195s
[ablation] full_ontology, seed 50: 100/364; elapsed 219s
[ablation] full_ontology, seed 50: 110/364; elapsed 238s
[ablation] full_ontology, seed 50: 120/364; elapsed 258s
[ablation] full_ontology, seed 50: 130/364; elapsed 280s
[ablation] full_ontology, seed 50: 140/364; elapsed 309s
[ablation] full_ontology, seed 50: 150/364; elapsed 320s
[ablation] full_ontology, seed 50: 160/364; elapsed 344s
[ablation] full_ontology, seed 50: 170/364; elapsed 362s
[ablation] full_ontology, seed 50: 180/364; elapsed 375s
[ablation] full_ontology, seed 50: 190/364; elapsed 393s
[ablation] full_ontology, seed 50: 200/364; elapsed 415s
[ablation] full_ontology, seed 50: 210/364; elapsed 438s
[ablation] full_ontology, seed 50: 220/364; elapsed 461s
[ablation] full_ontology, seed 50: 230/364; elapsed 483s
[ablation] full_ontology, seed 50: 240/364; elapsed 511s
[ablation] full_ontology, seed 50: 250/364; elapsed 533s
[ablation] full_ontology, seed 50: 260/364; elapsed 559s
[ablation] full_ontology, seed 50: 270/364; elapsed 579s
[ablation] full_ontology, seed 50: 280/364; elapsed 600s
[ablation] full_ontology, seed 50: 290/364; elapsed 622s
[ablation] full_ontology, seed 50: 300/364; elapsed 642s
[ablation] full_ontology, seed 50: 310/364; elapsed 666s
[ablation] full_ontology, seed 50: 320/364; elapsed 687s
[ablation] full_ontology, seed 50: 330/364; elapsed 712s
[ablation] full_ontology, seed 50: 340/364; elapsed 734s
[ablation] full_ontology, seed 50: 350/364; elapsed 754s
[ablation] full_ontology, seed 50: 360/364; elapsed 770s
[ablation] full_ontology, seed 50: 364/364; elapsed 776s
[ablation] without_prerequisite, seed 41: starting 364 profiles
[ablation] without_prerequisite, seed 41: 10/364; elapsed 28s
[ablation] without_prerequisite, seed 41: 20/364; elapsed 60s
[ablation] without_prerequisite, seed 41: 30/364; elapsed 76s
[ablation] without_prerequisite, seed 41: 40/364; elapsed 101s
[ablation] without_prerequisite, seed 41: 50/364; elapsed 137s
[ablation] without_prerequisite, seed 41: 60/364; elapsed 155s
[ablation] without_prerequisite, seed 41: 70/364; elapsed 168s
[ablation] without_prerequisite, seed 41: 80/364; elapsed 177s
[ablation] without_prerequisite, seed 41: 90/364; elapsed 200s
[ablation] without_prerequisite, seed 41: 100/364; elapsed 231s
[ablation] without_prerequisite, seed 41: 110/364; elapsed 257s
[ablation] without_prerequisite, seed 41: 120/364; elapsed 277s
[ablation] without_prerequisite, seed 41: 130/364; elapsed 305s
[ablation] without_prerequisite, seed 41: 140/364; elapsed 328s
[ablation] without_prerequisite, seed 41: 150/364; elapsed 343s
[ablation] without_prerequisite, seed 41: 160/364; elapsed 376s
[ablation] without_prerequisite, seed 41: 170/364; elapsed 393s
[ablation] without_prerequisite, seed 41: 180/364; elapsed 405s
[ablation] without_prerequisite, seed 41: 190/364; elapsed 416s
[ablation] without_prerequisite, seed 41: 200/364; elapsed 433s
[ablation] without_prerequisite, seed 41: 210/364; elapsed 451s
[ablation] without_prerequisite, seed 41: 220/364; elapsed 464s
[ablation] without_prerequisite, seed 41: 230/364; elapsed 482s
[ablation] without_prerequisite, seed 41: 240/364; elapsed 501s
[ablation] without_prerequisite, seed 41: 250/364; elapsed 517s
[ablation] without_prerequisite, seed 41: 260/364; elapsed 527s
[ablation] without_prerequisite, seed 41: 270/364; elapsed 543s
[ablation] without_prerequisite, seed 41: 280/364; elapsed 561s
[ablation] without_prerequisite, seed 41: 290/364; elapsed 575s
[ablation] without_prerequisite, seed 41: 300/364; elapsed 593s
[ablation] without_prerequisite, seed 41: 310/364; elapsed 610s
[ablation] without_prerequisite, seed 41: 320/364; elapsed 624s
[ablation] without_prerequisite, seed 41: 330/364; elapsed 639s
[ablation] without_prerequisite, seed 41: 340/364; elapsed 661s
[ablation] without_prerequisite, seed 41: 350/364; elapsed 680s
[ablation] without_prerequisite, seed 41: 360/364; elapsed 693s
[ablation] without_prerequisite, seed 41: 364/364; elapsed 698s
[ablation] without_prerequisite, seed 42: starting 364 profiles
[ablation] without_prerequisite, seed 42: 10/364; elapsed 21s
[ablation] without_prerequisite, seed 42: 20/364; elapsed 45s
[ablation] without_prerequisite, seed 42: 30/364; elapsed 58s
[ablation] without_prerequisite, seed 42: 40/364; elapsed 79s
[ablation] without_prerequisite, seed 42: 50/364; elapsed 107s
[ablation] without_prerequisite, seed 42: 60/364; elapsed 121s
[ablation] without_prerequisite, seed 42: 70/364; elapsed 132s
[ablation] without_prerequisite, seed 42: 80/364; elapsed 139s
[ablation] without_prerequisite, seed 42: 90/364; elapsed 158s
[ablation] without_prerequisite, seed 42: 100/364; elapsed 181s
[ablation] without_prerequisite, seed 42: 110/364; elapsed 201s
[ablation] without_prerequisite, seed 42: 120/364; elapsed 217s
[ablation] without_prerequisite, seed 42: 130/364; elapsed 239s
[ablation] without_prerequisite, seed 42: 140/364; elapsed 260s
[ablation] without_prerequisite, seed 42: 150/364; elapsed 270s
[ablation] without_prerequisite, seed 42: 160/364; elapsed 295s
[ablation] without_prerequisite, seed 42: 170/364; elapsed 308s
[ablation] without_prerequisite, seed 42: 180/364; elapsed 321s
[ablation] without_prerequisite, seed 42: 190/364; elapsed 331s
[ablation] without_prerequisite, seed 42: 200/364; elapsed 344s
[ablation] without_prerequisite, seed 42: 210/364; elapsed 356s
[ablation] without_prerequisite, seed 42: 220/364; elapsed 366s
[ablation] without_prerequisite, seed 42: 230/364; elapsed 381s
[ablation] without_prerequisite, seed 42: 240/364; elapsed 394s
[ablation] without_prerequisite, seed 42: 250/364; elapsed 409s
[ablation] without_prerequisite, seed 42: 260/364; elapsed 417s
[ablation] without_prerequisite, seed 42: 270/364; elapsed 430s
[ablation] without_prerequisite, seed 42: 280/364; elapsed 444s
[ablation] without_prerequisite, seed 42: 290/364; elapsed 455s
[ablation] without_prerequisite, seed 42: 300/364; elapsed 468s
[ablation] without_prerequisite, seed 42: 310/364; elapsed 479s
[ablation] without_prerequisite, seed 42: 320/364; elapsed 491s
[ablation] without_prerequisite, seed 42: 330/364; elapsed 502s
[ablation] without_prerequisite, seed 42: 340/364; elapsed 518s
[ablation] without_prerequisite, seed 42: 350/364; elapsed 532s
[ablation] without_prerequisite, seed 42: 360/364; elapsed 542s
[ablation] without_prerequisite, seed 42: 364/364; elapsed 547s
[ablation] without_prerequisite, seed 43: starting 364 profiles
[ablation] without_prerequisite, seed 43: 10/364; elapsed 23s
[ablation] without_prerequisite, seed 43: 20/364; elapsed 46s
[ablation] without_prerequisite, seed 43: 30/364; elapsed 59s
[ablation] without_prerequisite, seed 43: 40/364; elapsed 79s
[ablation] without_prerequisite, seed 43: 50/364; elapsed 105s
[ablation] without_prerequisite, seed 43: 60/364; elapsed 119s
[ablation] without_prerequisite, seed 43: 70/364; elapsed 130s
[ablation] without_prerequisite, seed 43: 80/364; elapsed 137s
[ablation] without_prerequisite, seed 43: 90/364; elapsed 155s
[ablation] without_prerequisite, seed 43: 100/364; elapsed 178s
[ablation] without_prerequisite, seed 43: 110/364; elapsed 198s
[ablation] without_prerequisite, seed 43: 120/364; elapsed 212s
[ablation] without_prerequisite, seed 43: 130/364; elapsed 233s
[ablation] without_prerequisite, seed 43: 140/364; elapsed 251s
[ablation] without_prerequisite, seed 43: 150/364; elapsed 261s
[ablation] without_prerequisite, seed 43: 160/364; elapsed 284s
[ablation] without_prerequisite, seed 43: 170/364; elapsed 297s
[ablation] without_prerequisite, seed 43: 180/364; elapsed 312s
[ablation] without_prerequisite, seed 43: 190/364; elapsed 322s
[ablation] without_prerequisite, seed 43: 200/364; elapsed 334s
[ablation] without_prerequisite, seed 43: 210/364; elapsed 346s
[ablation] without_prerequisite, seed 43: 220/364; elapsed 358s
[ablation] without_prerequisite, seed 43: 230/364; elapsed 373s
[ablation] without_prerequisite, seed 43: 240/364; elapsed 386s
[ablation] without_prerequisite, seed 43: 250/364; elapsed 400s
[ablation] without_prerequisite, seed 43: 260/364; elapsed 408s
[ablation] without_prerequisite, seed 43: 270/364; elapsed 421s
[ablation] without_prerequisite, seed 43: 280/364; elapsed 436s
[ablation] without_prerequisite, seed 43: 290/364; elapsed 447s
[ablation] without_prerequisite, seed 43: 300/364; elapsed 460s
[ablation] without_prerequisite, seed 43: 310/364; elapsed 471s
[ablation] without_prerequisite, seed 43: 320/364; elapsed 483s
[ablation] without_prerequisite, seed 43: 330/364; elapsed 494s
[ablation] without_prerequisite, seed 43: 340/364; elapsed 510s
[ablation] without_prerequisite, seed 43: 350/364; elapsed 527s
[ablation] without_prerequisite, seed 43: 360/364; elapsed 537s
[ablation] without_prerequisite, seed 43: 364/364; elapsed 541s
[ablation] without_prerequisite, seed 44: starting 364 profiles
[ablation] without_prerequisite, seed 44: 10/364; elapsed 21s
[ablation] without_prerequisite, seed 44: 20/364; elapsed 44s
[ablation] without_prerequisite, seed 44: 30/364; elapsed 56s
[ablation] without_prerequisite, seed 44: 40/364; elapsed 76s
[ablation] without_prerequisite, seed 44: 50/364; elapsed 102s
[ablation] without_prerequisite, seed 44: 60/364; elapsed 116s
[ablation] without_prerequisite, seed 44: 70/364; elapsed 127s
[ablation] without_prerequisite, seed 44: 80/364; elapsed 134s
[ablation] without_prerequisite, seed 44: 90/364; elapsed 155s
[ablation] without_prerequisite, seed 44: 100/364; elapsed 177s
[ablation] without_prerequisite, seed 44: 110/364; elapsed 196s
[ablation] without_prerequisite, seed 44: 120/364; elapsed 210s
[ablation] without_prerequisite, seed 44: 130/364; elapsed 230s
[ablation] without_prerequisite, seed 44: 140/364; elapsed 249s
[ablation] without_prerequisite, seed 44: 150/364; elapsed 261s
[ablation] without_prerequisite, seed 44: 160/364; elapsed 284s
[ablation] without_prerequisite, seed 44: 170/364; elapsed 297s
[ablation] without_prerequisite, seed 44: 180/364; elapsed 313s
[ablation] without_prerequisite, seed 44: 190/364; elapsed 323s
[ablation] without_prerequisite, seed 44: 200/364; elapsed 336s
[ablation] without_prerequisite, seed 44: 210/364; elapsed 348s
[ablation] without_prerequisite, seed 44: 220/364; elapsed 358s
[ablation] without_prerequisite, seed 44: 230/364; elapsed 372s
[ablation] without_prerequisite, seed 44: 240/364; elapsed 385s
[ablation] without_prerequisite, seed 44: 250/364; elapsed 398s
[ablation] without_prerequisite, seed 44: 260/364; elapsed 407s
[ablation] without_prerequisite, seed 44: 270/364; elapsed 420s
[ablation] without_prerequisite, seed 44: 280/364; elapsed 435s
[ablation] without_prerequisite, seed 44: 290/364; elapsed 445s
[ablation] without_prerequisite, seed 44: 300/364; elapsed 457s
[ablation] without_prerequisite, seed 44: 310/364; elapsed 471s
[ablation] without_prerequisite, seed 44: 320/364; elapsed 483s
[ablation] without_prerequisite, seed 44: 330/364; elapsed 494s
[ablation] without_prerequisite, seed 44: 340/364; elapsed 509s
[ablation] without_prerequisite, seed 44: 350/364; elapsed 525s
[ablation] without_prerequisite, seed 44: 360/364; elapsed 536s
[ablation] without_prerequisite, seed 44: 364/364; elapsed 540s
[ablation] without_prerequisite, seed 45: starting 364 profiles
[ablation] without_prerequisite, seed 45: 10/364; elapsed 21s
[ablation] without_prerequisite, seed 45: 20/364; elapsed 46s
[ablation] without_prerequisite, seed 45: 30/364; elapsed 58s
[ablation] without_prerequisite, seed 45: 40/364; elapsed 79s
[ablation] without_prerequisite, seed 45: 50/364; elapsed 109s
[ablation] without_prerequisite, seed 45: 60/364; elapsed 125s
[ablation] without_prerequisite, seed 45: 70/364; elapsed 136s
[ablation] without_prerequisite, seed 45: 80/364; elapsed 144s
[ablation] without_prerequisite, seed 45: 90/364; elapsed 163s
[ablation] without_prerequisite, seed 45: 100/364; elapsed 186s
[ablation] without_prerequisite, seed 45: 110/364; elapsed 206s
[ablation] without_prerequisite, seed 45: 120/364; elapsed 220s
[ablation] without_prerequisite, seed 45: 130/364; elapsed 242s
[ablation] without_prerequisite, seed 45: 140/364; elapsed 263s
[ablation] without_prerequisite, seed 45: 150/364; elapsed 276s
[ablation] without_prerequisite, seed 45: 160/364; elapsed 299s
[ablation] without_prerequisite, seed 45: 170/364; elapsed 312s
[ablation] without_prerequisite, seed 45: 180/364; elapsed 327s
[ablation] without_prerequisite, seed 45: 190/364; elapsed 337s
[ablation] without_prerequisite, seed 45: 200/364; elapsed 351s
[ablation] without_prerequisite, seed 45: 210/364; elapsed 364s
[ablation] without_prerequisite, seed 45: 220/364; elapsed 374s
[ablation] without_prerequisite, seed 45: 230/364; elapsed 389s
[ablation] without_prerequisite, seed 45: 240/364; elapsed 404s
[ablation] without_prerequisite, seed 45: 250/364; elapsed 419s
[ablation] without_prerequisite, seed 45: 260/364; elapsed 431s
[ablation] without_prerequisite, seed 45: 270/364; elapsed 447s
[ablation] without_prerequisite, seed 45: 280/364; elapsed 464s
[ablation] without_prerequisite, seed 45: 290/364; elapsed 476s
[ablation] without_prerequisite, seed 45: 300/364; elapsed 488s
[ablation] without_prerequisite, seed 45: 310/364; elapsed 500s
[ablation] without_prerequisite, seed 45: 320/364; elapsed 512s
[ablation] without_prerequisite, seed 45: 330/364; elapsed 524s
[ablation] without_prerequisite, seed 45: 340/364; elapsed 540s
[ablation] without_prerequisite, seed 45: 350/364; elapsed 555s
[ablation] without_prerequisite, seed 45: 360/364; elapsed 569s
[ablation] without_prerequisite, seed 45: 364/364; elapsed 574s
[ablation] without_prerequisite, seed 46: starting 364 profiles
[ablation] without_prerequisite, seed 46: 10/364; elapsed 15s
[ablation] without_prerequisite, seed 46: 20/364; elapsed 33s
[ablation] without_prerequisite, seed 46: 30/364; elapsed 42s
[ablation] without_prerequisite, seed 46: 40/364; elapsed 54s
[ablation] without_prerequisite, seed 46: 50/364; elapsed 75s
[ablation] without_prerequisite, seed 46: 60/364; elapsed 87s
[ablation] without_prerequisite, seed 46: 70/364; elapsed 95s
[ablation] without_prerequisite, seed 46: 80/364; elapsed 102s
[ablation] without_prerequisite, seed 46: 90/364; elapsed 115s
[ablation] without_prerequisite, seed 46: 100/364; elapsed 130s
[ablation] without_prerequisite, seed 46: 110/364; elapsed 144s
[ablation] without_prerequisite, seed 46: 120/364; elapsed 156s
[ablation] without_prerequisite, seed 46: 130/364; elapsed 173s
[ablation] without_prerequisite, seed 46: 140/364; elapsed 189s
[ablation] without_prerequisite, seed 46: 150/364; elapsed 198s
[ablation] without_prerequisite, seed 46: 160/364; elapsed 212s
[ablation] without_prerequisite, seed 46: 170/364; elapsed 225s
[ablation] without_prerequisite, seed 46: 180/364; elapsed 239s
[ablation] without_prerequisite, seed 46: 190/364; elapsed 249s
[ablation] without_prerequisite, seed 46: 200/364; elapsed 258s
[ablation] without_prerequisite, seed 46: 210/364; elapsed 266s
[ablation] without_prerequisite, seed 46: 220/364; elapsed 274s
[ablation] without_prerequisite, seed 46: 230/364; elapsed 284s
[ablation] without_prerequisite, seed 46: 240/364; elapsed 293s
[ablation] without_prerequisite, seed 46: 250/364; elapsed 305s
[ablation] without_prerequisite, seed 46: 260/364; elapsed 313s
[ablation] without_prerequisite, seed 46: 270/364; elapsed 325s
[ablation] without_prerequisite, seed 46: 280/364; elapsed 337s
[ablation] without_prerequisite, seed 46: 290/364; elapsed 348s
[ablation] without_prerequisite, seed 46: 300/364; elapsed 356s
[ablation] without_prerequisite, seed 46: 310/364; elapsed 365s
[ablation] without_prerequisite, seed 46: 320/364; elapsed 373s
[ablation] without_prerequisite, seed 46: 330/364; elapsed 382s
[ablation] without_prerequisite, seed 46: 340/364; elapsed 391s
[ablation] without_prerequisite, seed 46: 350/364; elapsed 402s
[ablation] without_prerequisite, seed 46: 360/364; elapsed 412s
[ablation] without_prerequisite, seed 46: 364/364; elapsed 418s
[ablation] without_prerequisite, seed 47: starting 364 profiles
[ablation] without_prerequisite, seed 47: 10/364; elapsed 22s
[ablation] without_prerequisite, seed 47: 20/364; elapsed 46s
[ablation] without_prerequisite, seed 47: 30/364; elapsed 59s
[ablation] without_prerequisite, seed 47: 40/364; elapsed 77s
[ablation] without_prerequisite, seed 47: 50/364; elapsed 106s
[ablation] without_prerequisite, seed 47: 60/364; elapsed 122s
[ablation] without_prerequisite, seed 47: 70/364; elapsed 131s
[ablation] without_prerequisite, seed 47: 80/364; elapsed 139s
[ablation] without_prerequisite, seed 47: 90/364; elapsed 158s
[ablation] without_prerequisite, seed 47: 100/364; elapsed 181s
[ablation] without_prerequisite, seed 47: 110/364; elapsed 203s
[ablation] without_prerequisite, seed 47: 120/364; elapsed 219s
[ablation] without_prerequisite, seed 47: 130/364; elapsed 240s
[ablation] without_prerequisite, seed 47: 140/364; elapsed 258s
[ablation] without_prerequisite, seed 47: 150/364; elapsed 272s
[ablation] without_prerequisite, seed 47: 160/364; elapsed 296s
[ablation] without_prerequisite, seed 47: 170/364; elapsed 312s
[ablation] without_prerequisite, seed 47: 180/364; elapsed 325s
[ablation] without_prerequisite, seed 47: 190/364; elapsed 334s
[ablation] without_prerequisite, seed 47: 200/364; elapsed 347s
[ablation] without_prerequisite, seed 47: 210/364; elapsed 360s
[ablation] without_prerequisite, seed 47: 220/364; elapsed 370s
[ablation] without_prerequisite, seed 47: 230/364; elapsed 384s
[ablation] without_prerequisite, seed 47: 240/364; elapsed 398s
[ablation] without_prerequisite, seed 47: 250/364; elapsed 410s
[ablation] without_prerequisite, seed 47: 260/364; elapsed 421s
[ablation] without_prerequisite, seed 47: 270/364; elapsed 433s
[ablation] without_prerequisite, seed 47: 280/364; elapsed 447s
[ablation] without_prerequisite, seed 47: 290/364; elapsed 458s
[ablation] without_prerequisite, seed 47: 300/364; elapsed 471s
[ablation] without_prerequisite, seed 47: 310/364; elapsed 483s
[ablation] without_prerequisite, seed 47: 320/364; elapsed 494s
[ablation] without_prerequisite, seed 47: 330/364; elapsed 505s
[ablation] without_prerequisite, seed 47: 340/364; elapsed 522s
[ablation] without_prerequisite, seed 47: 350/364; elapsed 538s
[ablation] without_prerequisite, seed 47: 360/364; elapsed 549s
[ablation] without_prerequisite, seed 47: 364/364; elapsed 553s
[ablation] without_prerequisite, seed 48: starting 364 profiles
[ablation] without_prerequisite, seed 48: 10/364; elapsed 32s
[ablation] without_prerequisite, seed 48: 20/364; elapsed 62s
[ablation] without_prerequisite, seed 48: 30/364; elapsed 78s
[ablation] without_prerequisite, seed 48: 40/364; elapsed 105s
[ablation] without_prerequisite, seed 48: 50/364; elapsed 140s
[ablation] without_prerequisite, seed 48: 60/364; elapsed 160s
[ablation] without_prerequisite, seed 48: 70/364; elapsed 173s
[ablation] without_prerequisite, seed 48: 80/364; elapsed 182s
[ablation] without_prerequisite, seed 48: 90/364; elapsed 208s
[ablation] without_prerequisite, seed 48: 100/364; elapsed 238s
[ablation] without_prerequisite, seed 48: 110/364; elapsed 265s
[ablation] without_prerequisite, seed 48: 120/364; elapsed 286s
[ablation] without_prerequisite, seed 48: 130/364; elapsed 313s
[ablation] without_prerequisite, seed 48: 140/364; elapsed 336s
[ablation] without_prerequisite, seed 48: 150/364; elapsed 353s
[ablation] without_prerequisite, seed 48: 160/364; elapsed 388s
[ablation] without_prerequisite, seed 48: 170/364; elapsed 404s
[ablation] without_prerequisite, seed 48: 180/364; elapsed 417s
[ablation] without_prerequisite, seed 48: 190/364; elapsed 428s
[ablation] without_prerequisite, seed 48: 200/364; elapsed 446s
[ablation] without_prerequisite, seed 48: 210/364; elapsed 463s
[ablation] without_prerequisite, seed 48: 220/364; elapsed 476s
[ablation] without_prerequisite, seed 48: 230/364; elapsed 494s
[ablation] without_prerequisite, seed 48: 240/364; elapsed 513s
[ablation] without_prerequisite, seed 48: 250/364; elapsed 529s
[ablation] without_prerequisite, seed 48: 260/364; elapsed 541s
[ablation] without_prerequisite, seed 48: 270/364; elapsed 557s
[ablation] without_prerequisite, seed 48: 280/364; elapsed 575s
[ablation] without_prerequisite, seed 48: 290/364; elapsed 589s
[ablation] without_prerequisite, seed 48: 300/364; elapsed 606s
[ablation] without_prerequisite, seed 48: 310/364; elapsed 622s
[ablation] without_prerequisite, seed 48: 320/364; elapsed 638s
[ablation] without_prerequisite, seed 48: 330/364; elapsed 653s
[ablation] without_prerequisite, seed 48: 340/364; elapsed 676s
[ablation] without_prerequisite, seed 48: 350/364; elapsed 697s
[ablation] without_prerequisite, seed 48: 360/364; elapsed 712s
[ablation] without_prerequisite, seed 48: 364/364; elapsed 717s
[ablation] without_prerequisite, seed 49: starting 364 profiles
[ablation] without_prerequisite, seed 49: 10/364; elapsed 21s
[ablation] without_prerequisite, seed 49: 20/364; elapsed 46s
[ablation] without_prerequisite, seed 49: 30/364; elapsed 59s
[ablation] without_prerequisite, seed 49: 40/364; elapsed 79s
[ablation] without_prerequisite, seed 49: 50/364; elapsed 107s
[ablation] without_prerequisite, seed 49: 60/364; elapsed 122s
[ablation] without_prerequisite, seed 49: 70/364; elapsed 133s
[ablation] without_prerequisite, seed 49: 80/364; elapsed 141s
[ablation] without_prerequisite, seed 49: 90/364; elapsed 161s
[ablation] without_prerequisite, seed 49: 100/364; elapsed 185s
[ablation] without_prerequisite, seed 49: 110/364; elapsed 204s
[ablation] without_prerequisite, seed 49: 120/364; elapsed 218s
[ablation] without_prerequisite, seed 49: 130/364; elapsed 240s
[ablation] without_prerequisite, seed 49: 140/364; elapsed 257s
[ablation] without_prerequisite, seed 49: 150/364; elapsed 270s
[ablation] without_prerequisite, seed 49: 160/364; elapsed 293s
[ablation] without_prerequisite, seed 49: 170/364; elapsed 307s
[ablation] without_prerequisite, seed 49: 180/364; elapsed 321s
[ablation] without_prerequisite, seed 49: 190/364; elapsed 331s
[ablation] without_prerequisite, seed 49: 200/364; elapsed 345s
[ablation] without_prerequisite, seed 49: 210/364; elapsed 358s
[ablation] without_prerequisite, seed 49: 220/364; elapsed 369s
[ablation] without_prerequisite, seed 49: 230/364; elapsed 384s
[ablation] without_prerequisite, seed 49: 240/364; elapsed 400s
[ablation] without_prerequisite, seed 49: 250/364; elapsed 415s
[ablation] without_prerequisite, seed 49: 260/364; elapsed 425s
[ablation] without_prerequisite, seed 49: 270/364; elapsed 440s
[ablation] without_prerequisite, seed 49: 280/364; elapsed 456s
[ablation] without_prerequisite, seed 49: 290/364; elapsed 469s
[ablation] without_prerequisite, seed 49: 300/364; elapsed 483s
[ablation] without_prerequisite, seed 49: 310/364; elapsed 495s
[ablation] without_prerequisite, seed 49: 320/364; elapsed 507s
[ablation] without_prerequisite, seed 49: 330/364; elapsed 519s
[ablation] without_prerequisite, seed 49: 340/364; elapsed 535s
[ablation] without_prerequisite, seed 49: 350/364; elapsed 551s
[ablation] without_prerequisite, seed 49: 360/364; elapsed 565s
[ablation] without_prerequisite, seed 49: 364/364; elapsed 571s
[ablation] without_prerequisite, seed 50: starting 364 profiles
[ablation] without_prerequisite, seed 50: 10/364; elapsed 21s
[ablation] without_prerequisite, seed 50: 20/364; elapsed 46s
[ablation] without_prerequisite, seed 50: 30/364; elapsed 59s
[ablation] without_prerequisite, seed 50: 40/364; elapsed 80s
[ablation] without_prerequisite, seed 50: 50/364; elapsed 109s
[ablation] without_prerequisite, seed 50: 60/364; elapsed 122s
[ablation] without_prerequisite, seed 50: 70/364; elapsed 133s
[ablation] without_prerequisite, seed 50: 80/364; elapsed 141s
[ablation] without_prerequisite, seed 50: 90/364; elapsed 160s
[ablation] without_prerequisite, seed 50: 100/364; elapsed 183s
[ablation] without_prerequisite, seed 50: 110/364; elapsed 204s
[ablation] without_prerequisite, seed 50: 120/364; elapsed 221s
[ablation] without_prerequisite, seed 50: 130/364; elapsed 243s
[ablation] without_prerequisite, seed 50: 140/364; elapsed 263s
[ablation] without_prerequisite, seed 50: 150/364; elapsed 274s
[ablation] without_prerequisite, seed 50: 160/364; elapsed 299s
[ablation] without_prerequisite, seed 50: 170/364; elapsed 314s
[ablation] without_prerequisite, seed 50: 180/364; elapsed 325s
[ablation] without_prerequisite, seed 50: 190/364; elapsed 335s
[ablation] without_prerequisite, seed 50: 200/364; elapsed 348s
[ablation] without_prerequisite, seed 50: 210/364; elapsed 361s
[ablation] without_prerequisite, seed 50: 220/364; elapsed 371s
[ablation] without_prerequisite, seed 50: 230/364; elapsed 385s
[ablation] without_prerequisite, seed 50: 240/364; elapsed 399s
[ablation] without_prerequisite, seed 50: 250/364; elapsed 414s
[ablation] without_prerequisite, seed 50: 260/364; elapsed 423s
[ablation] without_prerequisite, seed 50: 270/364; elapsed 436s
[ablation] without_prerequisite, seed 50: 280/364; elapsed 449s
[ablation] without_prerequisite, seed 50: 290/364; elapsed 460s
[ablation] without_prerequisite, seed 50: 300/364; elapsed 472s
[ablation] without_prerequisite, seed 50: 310/364; elapsed 484s
[ablation] without_prerequisite, seed 50: 320/364; elapsed 496s
[ablation] without_prerequisite, seed 50: 330/364; elapsed 507s
[ablation] without_prerequisite, seed 50: 340/364; elapsed 524s
[ablation] without_prerequisite, seed 50: 350/364; elapsed 539s
[ablation] without_prerequisite, seed 50: 360/364; elapsed 550s
[ablation] without_prerequisite, seed 50: 364/364; elapsed 555s
[ablation] without_corequisite, seed 41: starting 364 profiles
[ablation] without_corequisite, seed 41: 10/364; elapsed 34s
[ablation] without_corequisite, seed 41: 20/364; elapsed 68s
[ablation] without_corequisite, seed 41: 30/364; elapsed 93s
[ablation] without_corequisite, seed 41: 40/364; elapsed 120s
[ablation] without_corequisite, seed 41: 50/364; elapsed 159s
[ablation] without_corequisite, seed 41: 60/364; elapsed 185s
[ablation] without_corequisite, seed 41: 70/364; elapsed 200s
[ablation] without_corequisite, seed 41: 80/364; elapsed 218s
[ablation] without_corequisite, seed 41: 90/364; elapsed 249s
[ablation] without_corequisite, seed 41: 100/364; elapsed 284s
[ablation] without_corequisite, seed 41: 110/364; elapsed 313s
[ablation] without_corequisite, seed 41: 120/364; elapsed 339s
[ablation] without_corequisite, seed 41: 130/364; elapsed 365s
[ablation] without_corequisite, seed 41: 140/364; elapsed 400s
[ablation] without_corequisite, seed 41: 150/364; elapsed 413s
[ablation] without_corequisite, seed 41: 160/364; elapsed 445s
[ablation] without_corequisite, seed 41: 170/364; elapsed 461s
[ablation] without_corequisite, seed 41: 180/364; elapsed 473s
[ablation] without_corequisite, seed 41: 190/364; elapsed 482s
[ablation] without_corequisite, seed 41: 200/364; elapsed 505s
[ablation] without_corequisite, seed 41: 210/364; elapsed 530s
[ablation] without_corequisite, seed 41: 220/364; elapsed 552s
[ablation] without_corequisite, seed 41: 230/364; elapsed 577s
[ablation] without_corequisite, seed 41: 240/364; elapsed 608s
[ablation] without_corequisite, seed 41: 250/364; elapsed 630s
[ablation] without_corequisite, seed 41: 260/364; elapsed 654s
[ablation] without_corequisite, seed 41: 270/364; elapsed 675s
[ablation] without_corequisite, seed 41: 280/364; elapsed 699s
[ablation] without_corequisite, seed 41: 290/364; elapsed 721s
[ablation] without_corequisite, seed 41: 300/364; elapsed 742s
[ablation] without_corequisite, seed 41: 310/364; elapsed 771s
[ablation] without_corequisite, seed 41: 320/364; elapsed 790s
[ablation] without_corequisite, seed 41: 330/364; elapsed 813s
[ablation] without_corequisite, seed 41: 340/364; elapsed 837s
[ablation] without_corequisite, seed 41: 350/364; elapsed 856s
[ablation] without_corequisite, seed 41: 360/364; elapsed 877s
[ablation] without_corequisite, seed 41: 364/364; elapsed 884s
[ablation] without_corequisite, seed 42: starting 364 profiles
[ablation] without_corequisite, seed 42: 10/364; elapsed 22s
[ablation] without_corequisite, seed 42: 20/364; elapsed 50s
[ablation] without_corequisite, seed 42: 30/364; elapsed 70s
[ablation] without_corequisite, seed 42: 40/364; elapsed 88s
[ablation] without_corequisite, seed 42: 50/364; elapsed 120s
[ablation] without_corequisite, seed 42: 60/364; elapsed 142s
[ablation] without_corequisite, seed 42: 70/364; elapsed 152s
[ablation] without_corequisite, seed 42: 80/364; elapsed 166s
[ablation] without_corequisite, seed 42: 90/364; elapsed 191s
[ablation] without_corequisite, seed 42: 100/364; elapsed 218s
[ablation] without_corequisite, seed 42: 110/364; elapsed 239s
[ablation] without_corequisite, seed 42: 120/364; elapsed 257s
[ablation] without_corequisite, seed 42: 130/364; elapsed 280s
[ablation] without_corequisite, seed 42: 140/364; elapsed 308s
[ablation] without_corequisite, seed 42: 150/364; elapsed 318s
[ablation] without_corequisite, seed 42: 160/364; elapsed 343s
[ablation] without_corequisite, seed 42: 170/364; elapsed 358s
[ablation] without_corequisite, seed 42: 180/364; elapsed 367s
[ablation] without_corequisite, seed 42: 190/364; elapsed 377s
[ablation] without_corequisite, seed 42: 200/364; elapsed 398s
[ablation] without_corequisite, seed 42: 210/364; elapsed 419s
[ablation] without_corequisite, seed 42: 220/364; elapsed 438s
[ablation] without_corequisite, seed 42: 230/364; elapsed 459s
[ablation] without_corequisite, seed 42: 240/364; elapsed 487s
[ablation] without_corequisite, seed 42: 250/364; elapsed 508s
[ablation] without_corequisite, seed 42: 260/364; elapsed 530s
[ablation] without_corequisite, seed 42: 270/364; elapsed 548s
[ablation] without_corequisite, seed 42: 280/364; elapsed 568s
[ablation] without_corequisite, seed 42: 290/364; elapsed 587s
[ablation] without_corequisite, seed 42: 300/364; elapsed 605s
[ablation] without_corequisite, seed 42: 310/364; elapsed 630s
[ablation] without_corequisite, seed 42: 320/364; elapsed 647s
[ablation] without_corequisite, seed 42: 330/364; elapsed 669s
[ablation] without_corequisite, seed 42: 340/364; elapsed 688s
[ablation] without_corequisite, seed 42: 350/364; elapsed 705s
[ablation] without_corequisite, seed 42: 360/364; elapsed 722s
[ablation] without_corequisite, seed 42: 364/364; elapsed 729s
[ablation] without_corequisite, seed 43: starting 364 profiles
[ablation] without_corequisite, seed 43: 10/364; elapsed 22s
[ablation] without_corequisite, seed 43: 20/364; elapsed 47s
[ablation] without_corequisite, seed 43: 30/364; elapsed 65s
[ablation] without_corequisite, seed 43: 40/364; elapsed 84s
[ablation] without_corequisite, seed 43: 50/364; elapsed 118s
[ablation] without_corequisite, seed 43: 60/364; elapsed 140s
[ablation] without_corequisite, seed 43: 70/364; elapsed 151s
[ablation] without_corequisite, seed 43: 80/364; elapsed 162s
[ablation] without_corequisite, seed 43: 90/364; elapsed 186s
[ablation] without_corequisite, seed 43: 100/364; elapsed 212s
[ablation] without_corequisite, seed 43: 110/364; elapsed 233s
[ablation] without_corequisite, seed 43: 120/364; elapsed 251s
[ablation] without_corequisite, seed 43: 130/364; elapsed 271s
[ablation] without_corequisite, seed 43: 140/364; elapsed 300s
[ablation] without_corequisite, seed 43: 150/364; elapsed 311s
[ablation] without_corequisite, seed 43: 160/364; elapsed 333s
[ablation] without_corequisite, seed 43: 170/364; elapsed 345s
[ablation] without_corequisite, seed 43: 180/364; elapsed 355s
[ablation] without_corequisite, seed 43: 190/364; elapsed 365s
[ablation] without_corequisite, seed 43: 200/364; elapsed 387s
[ablation] without_corequisite, seed 43: 210/364; elapsed 409s
[ablation] without_corequisite, seed 43: 220/364; elapsed 428s
[ablation] without_corequisite, seed 43: 230/364; elapsed 449s
[ablation] without_corequisite, seed 43: 240/364; elapsed 478s
[ablation] without_corequisite, seed 43: 250/364; elapsed 496s
[ablation] without_corequisite, seed 43: 260/364; elapsed 519s
[ablation] without_corequisite, seed 43: 270/364; elapsed 536s
[ablation] without_corequisite, seed 43: 280/364; elapsed 555s
[ablation] without_corequisite, seed 43: 290/364; elapsed 573s
[ablation] without_corequisite, seed 43: 300/364; elapsed 591s
[ablation] without_corequisite, seed 43: 310/364; elapsed 615s
[ablation] without_corequisite, seed 43: 320/364; elapsed 632s
[ablation] without_corequisite, seed 43: 330/364; elapsed 655s
[ablation] without_corequisite, seed 43: 340/364; elapsed 673s
[ablation] without_corequisite, seed 43: 350/364; elapsed 690s
[ablation] without_corequisite, seed 43: 360/364; elapsed 706s
[ablation] without_corequisite, seed 43: 364/364; elapsed 711s
[ablation] without_corequisite, seed 44: starting 364 profiles
[ablation] without_corequisite, seed 44: 10/364; elapsed 22s
[ablation] without_corequisite, seed 44: 20/364; elapsed 49s
[ablation] without_corequisite, seed 44: 30/364; elapsed 67s
[ablation] without_corequisite, seed 44: 40/364; elapsed 85s
[ablation] without_corequisite, seed 44: 50/364; elapsed 117s
[ablation] without_corequisite, seed 44: 60/364; elapsed 135s
[ablation] without_corequisite, seed 44: 70/364; elapsed 145s
[ablation] without_corequisite, seed 44: 80/364; elapsed 157s
[ablation] without_corequisite, seed 44: 90/364; elapsed 180s
[ablation] without_corequisite, seed 44: 100/364; elapsed 206s
[ablation] without_corequisite, seed 44: 110/364; elapsed 226s
[ablation] without_corequisite, seed 44: 120/364; elapsed 244s
[ablation] without_corequisite, seed 44: 130/364; elapsed 264s
[ablation] without_corequisite, seed 44: 140/364; elapsed 295s
[ablation] without_corequisite, seed 44: 150/364; elapsed 305s
[ablation] without_corequisite, seed 44: 160/364; elapsed 327s
[ablation] without_corequisite, seed 44: 170/364; elapsed 339s
[ablation] without_corequisite, seed 44: 180/364; elapsed 348s
[ablation] without_corequisite, seed 44: 190/364; elapsed 359s
[ablation] without_corequisite, seed 44: 200/364; elapsed 380s
[ablation] without_corequisite, seed 44: 210/364; elapsed 402s
[ablation] without_corequisite, seed 44: 220/364; elapsed 422s
[ablation] without_corequisite, seed 44: 230/364; elapsed 441s
[ablation] without_corequisite, seed 44: 240/364; elapsed 471s
[ablation] without_corequisite, seed 44: 250/364; elapsed 489s
[ablation] without_corequisite, seed 44: 260/364; elapsed 511s
[ablation] without_corequisite, seed 44: 270/364; elapsed 527s
[ablation] without_corequisite, seed 44: 280/364; elapsed 547s
[ablation] without_corequisite, seed 44: 290/364; elapsed 567s
[ablation] without_corequisite, seed 44: 300/364; elapsed 585s
[ablation] without_corequisite, seed 44: 310/364; elapsed 609s
[ablation] without_corequisite, seed 44: 320/364; elapsed 628s
[ablation] without_corequisite, seed 44: 330/364; elapsed 651s
[ablation] without_corequisite, seed 44: 340/364; elapsed 668s
[ablation] without_corequisite, seed 44: 350/364; elapsed 685s
[ablation] without_corequisite, seed 44: 360/364; elapsed 701s
[ablation] without_corequisite, seed 44: 364/364; elapsed 707s
[ablation] without_corequisite, seed 45: starting 364 profiles
[ablation] without_corequisite, seed 45: 10/364; elapsed 22s
[ablation] without_corequisite, seed 45: 20/364; elapsed 51s
[ablation] without_corequisite, seed 45: 30/364; elapsed 72s
[ablation] without_corequisite, seed 45: 40/364; elapsed 94s
[ablation] without_corequisite, seed 45: 50/364; elapsed 126s
[ablation] without_corequisite, seed 45: 60/364; elapsed 149s
[ablation] without_corequisite, seed 45: 70/364; elapsed 159s
[ablation] without_corequisite, seed 45: 80/364; elapsed 175s
[ablation] without_corequisite, seed 45: 90/364; elapsed 200s
[ablation] without_corequisite, seed 45: 100/364; elapsed 230s
[ablation] without_corequisite, seed 45: 110/364; elapsed 272s
[ablation] without_corequisite, seed 45: 120/364; elapsed 293s
[ablation] without_corequisite, seed 45: 130/364; elapsed 312s
[ablation] without_corequisite, seed 45: 140/364; elapsed 343s
[ablation] without_corequisite, seed 45: 150/364; elapsed 353s
[ablation] without_corequisite, seed 45: 160/364; elapsed 376s
[ablation] without_corequisite, seed 45: 170/364; elapsed 392s
[ablation] without_corequisite, seed 45: 180/364; elapsed 402s
[ablation] without_corequisite, seed 45: 190/364; elapsed 415s
[ablation] without_corequisite, seed 45: 200/364; elapsed 437s
[ablation] without_corequisite, seed 45: 210/364; elapsed 462s
[ablation] without_corequisite, seed 45: 220/364; elapsed 481s
[ablation] without_corequisite, seed 45: 230/364; elapsed 503s
[ablation] without_corequisite, seed 45: 240/364; elapsed 531s
[ablation] without_corequisite, seed 45: 250/364; elapsed 554s
[ablation] without_corequisite, seed 45: 260/364; elapsed 593s
[ablation] without_corequisite, seed 45: 270/364; elapsed 646s
[ablation] without_corequisite, seed 45: 280/364; elapsed 3965s
[ablation] without_corequisite, seed 45: 290/364; elapsed 3984s
[ablation] without_corequisite, seed 45: 300/364; elapsed 4002s
[ablation] without_corequisite, seed 45: 310/364; elapsed 4026s
[ablation] without_corequisite, seed 45: 320/364; elapsed 4044s
[ablation] without_corequisite, seed 45: 330/364; elapsed 4067s
[ablation] without_corequisite, seed 45: 340/364; elapsed 4084s
[ablation] without_corequisite, seed 45: 350/364; elapsed 4101s
[ablation] without_corequisite, seed 45: 360/364; elapsed 4121s
[ablation] without_corequisite, seed 45: 364/364; elapsed 4128s
[ablation] without_corequisite, seed 46: starting 364 profiles
[ablation] without_corequisite, seed 46: 10/364; elapsed 14s
[ablation] without_corequisite, seed 46: 20/364; elapsed 37s
[ablation] without_corequisite, seed 46: 30/364; elapsed 52s
[ablation] without_corequisite, seed 46: 40/364; elapsed 63s
[ablation] without_corequisite, seed 46: 50/364; elapsed 88s
[ablation] without_corequisite, seed 46: 60/364; elapsed 106s
[ablation] without_corequisite, seed 46: 70/364; elapsed 112s
[ablation] without_corequisite, seed 46: 80/364; elapsed 123s
[ablation] without_corequisite, seed 46: 90/364; elapsed 15372s
[ablation] without_corequisite, seed 46: 100/364; elapsed 15412s
[ablation] without_corequisite, seed 46: 110/364; elapsed 15449s
[ablation] without_corequisite, seed 46: 120/364; elapsed 15481s
[ablation] without_corequisite, seed 46: 130/364; elapsed 15512s
[ablation] without_corequisite, seed 46: 140/364; elapsed 15564s
[ablation] without_corequisite, seed 46: 150/364; elapsed 15577s
[ablation] without_corequisite, seed 46: 160/364; elapsed 15610s
[ablation] without_corequisite, seed 46: 170/364; elapsed 15636s
[ablation] without_corequisite, seed 46: 180/364; elapsed 15652s
[ablation] without_corequisite, seed 46: 190/364; elapsed 15673s
[ablation] without_corequisite, seed 46: 200/364; elapsed 15705s
[ablation] without_corequisite, seed 46: 210/364; elapsed 15737s
[ablation] without_corequisite, seed 46: 220/364; elapsed 15770s
[ablation] without_corequisite, seed 46: 230/364; elapsed 15803s
[ablation] without_corequisite, seed 46: 240/364; elapsed 15847s
[ablation] without_corequisite, seed 46: 250/364; elapsed 15880s
[ablation] without_corequisite, seed 46: 260/364; elapsed 15923s
[ablation] without_corequisite, seed 46: 270/364; elapsed 15956s
[ablation] without_corequisite, seed 46: 280/364; elapsed 15992s
[ablation] without_corequisite, seed 46: 290/364; elapsed 16024s
[ablation] without_corequisite, seed 46: 300/364; elapsed 16051s
[ablation] without_corequisite, seed 46: 310/364; elapsed 16093s
[ablation] without_corequisite, seed 46: 320/364; elapsed 16116s
[ablation] without_corequisite, seed 46: 330/364; elapsed 16152s
[ablation] without_corequisite, seed 46: 340/364; elapsed 16172s
[ablation] without_corequisite, seed 46: 350/364; elapsed 16198s
[ablation] without_corequisite, seed 46: 360/364; elapsed 16229s
[ablation] without_corequisite, seed 46: 364/364; elapsed 16242s
[ablation] without_corequisite, seed 47: starting 364 profiles
[ablation] without_corequisite, seed 47: 10/364; elapsed 42s
[ablation] without_corequisite, seed 47: 20/364; elapsed 100s
[ablation] without_corequisite, seed 47: 30/364; elapsed 139s
[ablation] without_corequisite, seed 47: 40/364; elapsed 179s
[ablation] without_corequisite, seed 47: 50/364; elapsed 242s
[ablation] without_corequisite, seed 47: 60/364; elapsed 286s
[ablation] without_corequisite, seed 47: 70/364; elapsed 305s
[ablation] without_corequisite, seed 47: 80/364; elapsed 333s
[ablation] without_corequisite, seed 47: 90/364; elapsed 382s
[ablation] without_corequisite, seed 47: 100/364; elapsed 436s
[ablation] without_corequisite, seed 47: 110/364; elapsed 482s
[ablation] without_corequisite, seed 47: 120/364; elapsed 523s
[ablation] without_corequisite, seed 47: 130/364; elapsed 570s
[ablation] without_corequisite, seed 47: 140/364; elapsed 631s
[ablation] without_corequisite, seed 47: 150/364; elapsed 649s
[ablation] without_corequisite, seed 47: 160/364; elapsed 697s
[ablation] without_corequisite, seed 47: 170/364; elapsed 724s
[ablation] without_corequisite, seed 47: 180/364; elapsed 742s
[ablation] without_corequisite, seed 47: 190/364; elapsed 765s
[ablation] without_corequisite, seed 47: 200/364; elapsed 805s
[ablation] without_corequisite, seed 47: 210/364; elapsed 846s
[ablation] without_corequisite, seed 47: 220/364; elapsed 886s
[ablation] without_corequisite, seed 47: 230/364; elapsed 926s
[ablation] without_corequisite, seed 47: 240/364; elapsed 982s
[ablation] without_corequisite, seed 47: 250/364; elapsed 1017s
[ablation] without_corequisite, seed 47: 260/364; elapsed 1063s
[ablation] without_corequisite, seed 47: 270/364; elapsed 1097s
[ablation] without_corequisite, seed 47: 280/364; elapsed 1136s
[ablation] without_corequisite, seed 47: 290/364; elapsed 1174s
[ablation] without_corequisite, seed 47: 300/364; elapsed 1213s
[ablation] without_corequisite, seed 47: 310/364; elapsed 1263s
[ablation] without_corequisite, seed 47: 320/364; elapsed 1294s
[ablation] without_corequisite, seed 47: 330/364; elapsed 1339s
[ablation] without_corequisite, seed 47: 340/364; elapsed 1374s
[ablation] without_corequisite, seed 47: 350/364; elapsed 1408s
[ablation] without_corequisite, seed 47: 360/364; elapsed 1444s
[ablation] without_corequisite, seed 47: 364/364; elapsed 1457s
[ablation] without_corequisite, seed 48: starting 364 profiles
[ablation] without_corequisite, seed 48: 10/364; elapsed 60s
[ablation] without_corequisite, seed 48: 20/364; elapsed 176s
[ablation] without_corequisite, seed 48: 30/364; elapsed 225s
[ablation] without_corequisite, seed 48: 40/364; elapsed 278s
[ablation] without_corequisite, seed 48: 50/364; elapsed 355s
[ablation] without_corequisite, seed 48: 60/364; elapsed 408s
[ablation] without_corequisite, seed 48: 70/364; elapsed 432s
[ablation] without_corequisite, seed 48: 80/364; elapsed 456s
[ablation] without_corequisite, seed 48: 90/364; elapsed 526s
[ablation] without_corequisite, seed 48: 100/364; elapsed 620s
[ablation] without_corequisite, seed 48: 110/364; elapsed 705s
[ablation] without_corequisite, seed 48: 120/364; elapsed 775s
[ablation] without_corequisite, seed 48: 130/364; elapsed 852s
[ablation] without_corequisite, seed 48: 140/364; elapsed 956s
[ablation] without_corequisite, seed 48: 150/364; elapsed 994s
[ablation] without_corequisite, seed 48: 160/364; elapsed 1084s
[ablation] without_corequisite, seed 48: 170/364; elapsed 1125s
[ablation] without_corequisite, seed 48: 180/364; elapsed 1155s
[ablation] without_corequisite, seed 48: 190/364; elapsed 1191s
[ablation] without_corequisite, seed 48: 200/364; elapsed 1263s
[ablation] without_corequisite, seed 48: 210/364; elapsed 1335s
[ablation] without_corequisite, seed 48: 220/364; elapsed 1392s
[ablation] without_corequisite, seed 48: 230/364; elapsed 1465s
[ablation] without_corequisite, seed 48: 240/364; elapsed 1549s
[ablation] without_corequisite, seed 48: 250/364; elapsed 1609s
[ablation] without_corequisite, seed 48: 260/364; elapsed 1671s
[ablation] without_corequisite, seed 48: 270/364; elapsed 1726s
[ablation] without_corequisite, seed 48: 280/364; elapsed 1785s
[ablation] without_corequisite, seed 48: 290/364; elapsed 1836s
[ablation] without_corequisite, seed 48: 300/364; elapsed 1897s
[ablation] without_corequisite, seed 48: 310/364; elapsed 1971s
[ablation] without_corequisite, seed 48: 320/364; elapsed 2023s
[ablation] without_corequisite, seed 48: 330/364; elapsed 2089s
[ablation] without_corequisite, seed 48: 340/364; elapsed 2152s
[ablation] without_corequisite, seed 48: 350/364; elapsed 2209s
[ablation] without_corequisite, seed 48: 360/364; elapsed 2263s
[ablation] without_corequisite, seed 48: 364/364; elapsed 2282s
[ablation] without_corequisite, seed 49: starting 364 profiles
[ablation] without_corequisite, seed 49: 10/364; elapsed 61s
[ablation] without_corequisite, seed 49: 20/364; elapsed 140s
[ablation] without_corequisite, seed 49: 30/364; elapsed 196s
[ablation] without_corequisite, seed 49: 40/364; elapsed 248s
[ablation] without_corequisite, seed 49: 50/364; elapsed 323s
[ablation] without_corequisite, seed 49: 60/364; elapsed 370s
[ablation] without_corequisite, seed 49: 70/364; elapsed 393s
[ablation] without_corequisite, seed 49: 80/364; elapsed 423s
[ablation] without_corequisite, seed 49: 90/364; elapsed 485s
[ablation] without_corequisite, seed 49: 100/364; elapsed 553s
[ablation] without_corequisite, seed 49: 110/364; elapsed 604s
[ablation] without_corequisite, seed 49: 120/364; elapsed 653s
[ablation] without_corequisite, seed 49: 130/364; elapsed 706s
[ablation] without_corequisite, seed 49: 140/364; elapsed 774s
[ablation] without_corequisite, seed 49: 150/364; elapsed 800s
[ablation] without_corequisite, seed 49: 160/364; elapsed 855s
[ablation] without_corequisite, seed 49: 170/364; elapsed 888s
[ablation] without_corequisite, seed 49: 180/364; elapsed 920s
[ablation] without_corequisite, seed 49: 190/364; elapsed 948s
[ablation] without_corequisite, seed 49: 200/364; elapsed 1008s
[ablation] without_corequisite, seed 49: 210/364; elapsed 1073s
[ablation] without_corequisite, seed 49: 220/364; elapsed 1124s
[ablation] without_corequisite, seed 49: 230/364; elapsed 1180s
[ablation] without_corequisite, seed 49: 240/364; elapsed 1251s
[ablation] without_corequisite, seed 49: 250/364; elapsed 1306s
[ablation] without_corequisite, seed 49: 260/364; elapsed 1369s
[ablation] without_corequisite, seed 49: 270/364; elapsed 1414s
[ablation] without_corequisite, seed 49: 280/364; elapsed 1467s
[ablation] without_corequisite, seed 49: 290/364; elapsed 1510s
[ablation] without_corequisite, seed 49: 300/364; elapsed 1552s
[ablation] without_corequisite, seed 49: 310/364; elapsed 1611s
[ablation] without_corequisite, seed 49: 320/364; elapsed 1654s
[ablation] without_corequisite, seed 49: 330/364; elapsed 1706s
[ablation] without_corequisite, seed 49: 340/364; elapsed 1749s
[ablation] without_corequisite, seed 49: 350/364; elapsed 1788s
[ablation] without_corequisite, seed 49: 360/364; elapsed 1830s
[ablation] without_corequisite, seed 49: 364/364; elapsed 1846s
[ablation] without_corequisite, seed 50: starting 364 profiles
[ablation] without_corequisite, seed 50: 10/364; elapsed 49s
[ablation] without_corequisite, seed 50: 20/364; elapsed 114s
[ablation] without_corequisite, seed 50: 30/364; elapsed 159s
[ablation] without_corequisite, seed 50: 40/364; elapsed 203s
[ablation] without_corequisite, seed 50: 50/364; elapsed 275s
[ablation] without_corequisite, seed 50: 60/364; elapsed 333s
[ablation] without_corequisite, seed 50: 70/364; elapsed 359s
[ablation] without_corequisite, seed 50: 80/364; elapsed 392s
[ablation] without_corequisite, seed 50: 90/364; elapsed 458s
[ablation] without_corequisite, seed 50: 100/364; elapsed 528s
[ablation] without_corequisite, seed 50: 110/364; elapsed 587s
[ablation] without_corequisite, seed 50: 120/364; elapsed 635s
[ablation] without_corequisite, seed 50: 130/364; elapsed 687s
[ablation] without_corequisite, seed 50: 140/364; elapsed 759s
[ablation] without_corequisite, seed 50: 150/364; elapsed 780s
[ablation] without_corequisite, seed 50: 160/364; elapsed 839s
[ablation] without_corequisite, seed 50: 170/364; elapsed 869s
[ablation] without_corequisite, seed 50: 180/364; elapsed 889s
[ablation] without_corequisite, seed 50: 190/364; elapsed 916s
[ablation] without_corequisite, seed 50: 200/364; elapsed 962s
[ablation] without_corequisite, seed 50: 210/364; elapsed 1013s
[ablation] without_corequisite, seed 50: 220/364; elapsed 1056s
[ablation] without_corequisite, seed 50: 230/364; elapsed 1105s
[ablation] without_corequisite, seed 50: 240/364; elapsed 1166s
[ablation] without_corequisite, seed 50: 250/364; elapsed 1208s
[ablation] without_corequisite, seed 50: 260/364; elapsed 1259s
[ablation] without_corequisite, seed 50: 270/364; elapsed 1298s
[ablation] without_corequisite, seed 50: 280/364; elapsed 1342s
[ablation] without_corequisite, seed 50: 290/364; elapsed 1384s
[ablation] without_corequisite, seed 50: 300/364; elapsed 1424s
[ablation] without_corequisite, seed 50: 310/364; elapsed 1481s
[ablation] without_corequisite, seed 50: 320/364; elapsed 1521s
[ablation] without_corequisite, seed 50: 330/364; elapsed 1571s
[ablation] without_corequisite, seed 50: 340/364; elapsed 1609s
[ablation] without_corequisite, seed 50: 350/364; elapsed 1647s
[ablation] without_corequisite, seed 50: 360/364; elapsed 1682s
[ablation] without_corequisite, seed 50: 364/364; elapsed 1697s
[ablation] without_curriculum_relation, seed 41: starting 364 profiles
[ablation] without_curriculum_relation, seed 41: 10/364; elapsed 187s
[ablation] without_curriculum_relation, seed 41: 20/364; elapsed 376s
[ablation] without_curriculum_relation, seed 41: 30/364; elapsed 574s
[ablation] without_curriculum_relation, seed 41: 40/364; elapsed 839s
[ablation] without_curriculum_relation, seed 41: 50/364; elapsed 1111s
[ablation] without_curriculum_relation, seed 41: 60/364; elapsed 1311s
[ablation] without_curriculum_relation, seed 41: 70/364; elapsed 1454s
[ablation] without_curriculum_relation, seed 41: 80/364; elapsed 1561s
[ablation] without_curriculum_relation, seed 41: 90/364; elapsed 1669s
[ablation] without_curriculum_relation, seed 41: 100/364; elapsed 1793s
[ablation] without_curriculum_relation, seed 41: 110/364; elapsed 1916s
[ablation] without_curriculum_relation, seed 41: 120/364; elapsed 2020s
[ablation] without_curriculum_relation, seed 41: 130/364; elapsed 2151s
[ablation] without_curriculum_relation, seed 41: 140/364; elapsed 2278s
[ablation] without_curriculum_relation, seed 41: 150/364; elapsed 2401s
[ablation] without_curriculum_relation, seed 41: 160/364; elapsed 2533s
[ablation] without_curriculum_relation, seed 41: 170/364; elapsed 2565s
[ablation] without_curriculum_relation, seed 41: 180/364; elapsed 2597s
[ablation] without_curriculum_relation, seed 41: 190/364; elapsed 2622s
[ablation] without_curriculum_relation, seed 41: 200/364; elapsed 2661s
[ablation] without_curriculum_relation, seed 41: 210/364; elapsed 2703s
[ablation] without_curriculum_relation, seed 41: 220/364; elapsed 2745s
[ablation] without_curriculum_relation, seed 41: 230/364; elapsed 2785s
[ablation] without_curriculum_relation, seed 41: 240/364; elapsed 2833s
[ablation] without_curriculum_relation, seed 41: 250/364; elapsed 2876s
[ablation] without_curriculum_relation, seed 41: 260/364; elapsed 2915s
[ablation] without_curriculum_relation, seed 41: 270/364; elapsed 2954s
[ablation] without_curriculum_relation, seed 41: 280/364; elapsed 2998s
[ablation] without_curriculum_relation, seed 41: 290/364; elapsed 3038s
[ablation] without_curriculum_relation, seed 41: 300/364; elapsed 3076s
[ablation] without_curriculum_relation, seed 41: 310/364; elapsed 3116s
[ablation] without_curriculum_relation, seed 41: 320/364; elapsed 3157s
[ablation] without_curriculum_relation, seed 41: 330/364; elapsed 3203s
[ablation] without_curriculum_relation, seed 41: 340/364; elapsed 3251s
[ablation] without_curriculum_relation, seed 41: 350/364; elapsed 3290s
[ablation] without_curriculum_relation, seed 41: 360/364; elapsed 3324s
[ablation] without_curriculum_relation, seed 41: 364/364; elapsed 3339s
[ablation] without_curriculum_relation, seed 42: starting 364 profiles
[ablation] without_curriculum_relation, seed 42: 10/364; elapsed 123s
[ablation] without_curriculum_relation, seed 42: 20/364; elapsed 242s
[ablation] without_curriculum_relation, seed 42: 30/364; elapsed 352s
[ablation] without_curriculum_relation, seed 42: 40/364; elapsed 487s
[ablation] without_curriculum_relation, seed 42: 50/364; elapsed 629s
[ablation] without_curriculum_relation, seed 42: 60/364; elapsed 746s
[ablation] without_curriculum_relation, seed 42: 70/364; elapsed 829s
[ablation] without_curriculum_relation, seed 42: 80/364; elapsed 915s
[ablation] without_curriculum_relation, seed 42: 90/364; elapsed 1024s
[ablation] without_curriculum_relation, seed 42: 100/364; elapsed 1145s
[ablation] without_curriculum_relation, seed 42: 110/364; elapsed 1260s
[ablation] without_curriculum_relation, seed 42: 120/364; elapsed 1366s
[ablation] without_curriculum_relation, seed 42: 130/364; elapsed 1489s
[ablation] without_curriculum_relation, seed 42: 140/364; elapsed 1611s
[ablation] without_curriculum_relation, seed 42: 150/364; elapsed 1728s
[ablation] without_curriculum_relation, seed 42: 160/364; elapsed 1859s
[ablation] without_curriculum_relation, seed 42: 170/364; elapsed 1891s
[ablation] without_curriculum_relation, seed 42: 180/364; elapsed 1914s
[ablation] without_curriculum_relation, seed 42: 190/364; elapsed 1932s
[ablation] without_curriculum_relation, seed 42: 200/364; elapsed 1966s
[ablation] without_curriculum_relation, seed 42: 210/364; elapsed 2002s
[ablation] without_curriculum_relation, seed 42: 220/364; elapsed 2035s
[ablation] without_curriculum_relation, seed 42: 230/364; elapsed 2066s
[ablation] without_curriculum_relation, seed 42: 240/364; elapsed 2107s
[ablation] without_curriculum_relation, seed 42: 250/364; elapsed 2142s
[ablation] without_curriculum_relation, seed 42: 260/364; elapsed 2176s
[ablation] without_curriculum_relation, seed 42: 270/364; elapsed 2207s
[ablation] without_curriculum_relation, seed 42: 280/364; elapsed 2241s
[ablation] without_curriculum_relation, seed 42: 290/364; elapsed 2271s
[ablation] without_curriculum_relation, seed 42: 300/364; elapsed 2298s
[ablation] without_curriculum_relation, seed 42: 310/364; elapsed 2334s
[ablation] without_curriculum_relation, seed 42: 320/364; elapsed 2365s
